// Vitest Snapshot v1, https://vitest.dev/guide/snapshot.html

exports[`OLE metadata snapshot 1`] = `
{
  "date": "2026-04-22T11:36:51.000Z",
  "kind": "ole",
  "numberPoints": 1501,
  "properties": {
    "Attachment Properties": {
      "Attachment": "None",
    },
    "Instrument Properties": {
      "Accumulation time": "0,1 sec.",
      "Detector Unit": "Direct",
      "Instrument Type": "UV-2600 Series",
      "Light Source Change Wavelength": "323,0 nm",
      "Measuring Mode": "Absorbance",
      "S/R Exchange": "Normal",
      "Slit Width": "5,0",
      "Stair Correction": "ON",
    },
    "Measurement Properties": {
      "Auto Sampling Interval": "Enabled",
      "Sampling Interval": "0,2",
      "Scan Mode": "Single",
      "Scan Speed": "Fast",
      "Wavelength Range (nm.)": "300.00 to 600.00",
    },
    "Operation": {
      "Average": "Disabled",
      "InterPolate": "Disabled",
      "Points": "4",
      "Threshold": "0,0010000",
    },
    "Sample Preparation Properties": {
      "Additional Information": "",
      "Dilution": "",
      "Path Length": "",
      "Volume": "",
      "Weight": "",
    },
  },
  "title": "200 uM HCHO DNPH",
}
`;

exports[`flat metadata snapshot 1`] = `
{
  "date": "2026-04-22T11:36:51.000Z",
  "kind": "flat",
  "numberPoints": 1501,
  "properties": {},
}
`;
